[1m[92m    Updating[0m crates.io index
[1m[92m Downloading[0m crates ...
[1m[92m  Downloaded[0m futures-bounded v0.2.4
[1m[92m  Downloaded[0m futures-core v0.3.32
[1m[92m  Downloaded[0m form_urlencoded v1.2.2
[1m[92m  Downloaded[0m futures v0.3.32
[1m[92m  Downloaded[0m futures-io v0.3.32
[1m[92m  Downloaded[0m hex v0.4.3
[1m[92m  Downloaded[0m aead v0.5.2
[1m[92m  Downloaded[0m futures-channel v0.3.32
[1m[92m  Downloaded[0m futures-timer v3.0.4
[1m[92m  Downloaded[0m heck v0.5.0
[1m[92m  Downloaded[0m home v0.5.12
[1m[92m  Downloaded[0m futures-rustls v0.26.0
[1m[92m  Downloaded[0m hashlink v0.10.0
[1m[92m  Downloaded[0m http-body v1.0.1
[1m[92m  Downloaded[0m httpdate v1.0.3
[1m[92m  Downloaded[0m hex_fmt v0.3.0
[1m[92m  Downloaded[0m hmac v0.12.1
[1m[92m  Downloaded[0m http-body v0.4.6
[1m[92m  Downloaded[0m http-body-util v0.1.3
[1m[92m  Downloaded[0m httparse v1.10.1
[1m[92m  Downloaded[0m http v0.2.12
[1m[92m  Downloaded[0m itoa v1.0.18
[1m[92m  Downloaded[0m libp2p-identity v0.2.14
[1m[92m  Downloaded[0m socket2 v0.5.10
[1m[92m  Downloaded[0m futures-util v0.3.32
[1m[92m  Downloaded[0m hashbrown v0.17.1
[1m[92m  Downloaded[0m hickory-resolver v0.24.4
[1m[92m  Downloaded[0m http v1.4.2
[1m[92m  Downloaded[0m socket2 v0.6.4
[1m[92m  Downloaded[0m subtle v2.6.1
[1m[92m  Downloaded[0m tokio-macros v2.7.0
[1m[92m  Downloaded[0m futures-ticker v0.0.3
[1m[92m  Downloaded[0m is_terminal_polyfill v1.70.2
[1m[92m  Downloaded[0m libp2p-allow-block-list v0.4.0
[1m[92m  Downloaded[0m md-5 v0.10.6
[1m[92m  Downloaded[0m sync_wrapper v1.0.2
[1m[92m  Downloaded[0m futures-executor v0.3.32
[1m[92m  Downloaded[0m spki v0.7.3
[1m[92m  Downloaded[0m stable_deref_trait v1.2.1
[1m[92m  Downloaded[0m static_assertions v1.1.0
[1m[92m  Downloaded[0m synstructure v0.13.2
[1m[92m  Downloaded[0m futures-sink v0.3.32
[1m[92m  Downloaded[0m futures-task v0.3.32
[1m[92m  Downloaded[0m ghash v0.5.1
[1m[92m  Downloaded[0m if-watch v3.2.2
[1m[92m  Downloaded[0m libp2p-dns v0.42.0
[1m[92m  Downloaded[0m tinyvec_macros v0.1.1
[1m[92m  Downloaded[0m spin v0.9.8
[1m[92m  Downloaded[0m spin v0.5.2
[1m[92m  Downloaded[0m strsim v0.11.1
[1m[92m  Downloaded[0m thiserror v1.0.69
[1m[92m  Downloaded[0m thiserror-impl v1.0.69
[1m[92m  Downloaded[0m toml_edit v0.22.27
[1m[92m  Downloaded[0m hyper-timeout v0.5.2
[1m[92m  Downloaded[0m idna_adapter v1.2.2
[1m[92m  Downloaded[0m lazy_static v1.5.0
[1m[92m  Downloaded[0m sqlx-macros v0.8.6
[1m[92m  Downloaded[0m tempfile v3.27.0
[1m[92m  Downloaded[0m toml v0.8.23
[1m[92m  Downloaded[0m toml_datetime v0.6.11
[1m[92m  Downloaded[0m thiserror v2.0.18
[1m[92m  Downloaded[0m thread_local v1.1.9
[1m[92m  Downloaded[0m utf8_iter v1.0.4
[1m[92m  Downloaded[0m utf8parse v0.2.2
[1m[92m  Downloaded[0m version_check v0.9.5
[1m[92m  Downloaded[0m zerofrom v0.1.8
[1m[92m  Downloaded[0m sqlx-macros-core v0.8.6
[1m[92m  Downloaded[0m futures-macro v0.3.32
[1m[92m  Downloaded[0m libp2p-metrics v0.15.0
[1m[92m  Downloaded[0m linked-hash-map v0.5.6
[1m[92m  Downloaded[0m tonic-build v0.14.6
[1m[92m  Downloaded[0m tonic-prost-build v0.14.6
[1m[92m  Downloaded[0m try-lock v0.2.5
[1m[92m  Downloaded[0m want v0.3.1
[1m[92m  Downloaded[0m xmltree v0.10.3
[1m[92m  Downloaded[0m yoke-derive v0.8.2
[1m[92m  Downloaded[0m sha1 v0.10.6
[1m[92m  Downloaded[0m stringprep v0.1.5
[1m[92m  Downloaded[0m thiserror-impl v2.0.18
[1m[92m  Downloaded[0m tower-service v0.3.3
[1m[92m  Downloaded[0m unsigned-varint v0.8.0
[1m[92m  Downloaded[0m untrusted v0.9.0
[1m[92m  Downloaded[0m zeroize_derive v1.5.0
[1m[92m  Downloaded[0m libp2p-mdns v0.46.0
[1m[92m  Downloaded[0m libp2p-ping v0.45.0
[1m[92m  Downloaded[0m libp2p-quic v0.11.1
[1m[92m  Downloaded[0m libp2p-upnp v0.3.0
[1m[92m  Downloaded[0m libp2p-yamux v0.46.0
[1m[92m  Downloaded[0m lru-slab v0.1.2
[1m[92m  Downloaded[0m match-lookup v0.1.2
[1m[92m  Downloaded[0m tower-layer v0.3.3
[1m[92m  Downloaded[0m universal-hash v0.5.1
[1m[92m  Downloaded[0m untrusted v0.7.1
[1m[92m  Downloaded[0m void v1.0.2
[1m[92m  Downloaded[0m zerofrom-derive v0.1.7
[1m[92m  Downloaded[0m inout v0.1.4
[1m[92m  Downloaded[0m time-core v0.1.9
[1m[92m  Downloaded[0m tonic-prost v0.14.6
[1m[92m  Downloaded[0m tracing-serde v0.2.0
[1m[92m  Downloaded[0m libp2p-connection-limits v0.4.0
[1m[92m  Downloaded[0m lru v0.12.5
[1m[92m  Downloaded[0m tokio-stream v0.1.18
[1m[92m  Downloaded[0m toml_write v0.1.2
[1m[92m  Downloaded[0m unicase v2.9.0
[1m[92m  Downloaded[0m unicode-properties v0.1.4
[1m[92m  Downloaded[0m cfg_aliases v0.2.1
[1m[92m  Downloaded[0m fnv v1.0.7
[1m[92m  Downloaded[0m unsigned-varint v0.7.2
[1m[92m  Downloaded[0m base45 v3.2.0
[1m[92m  Downloaded[0m cfg-if v1.0.4
[1m[92m  Downloaded[0m libp2p-tcp v0.42.0
[1m[92m  Downloaded[0m mime v0.3.17
[1m[92m  Downloaded[0m serde_urlencoded v0.7.1
[1m[92m  Downloaded[0m tracing-log v0.2.0
[1m[92m  Downloaded[0m uint v0.9.5
[1m[92m  Downloaded[0m whoami v1.6.1
[1m[92m  Downloaded[0m writeable v0.6.3
[1m[92m  Downloaded[0m yamux v0.12.1
[1m[92m  Downloaded[0m yamux v0.13.10
[1m[92m  Downloaded[0m zmij v1.0.21
[1m[92m  Downloaded[0m sqlx-mysql v0.8.6
[1m[92m  Downloaded[0m tinystr v0.8.3
[1m[92m  Downloaded[0m web-time v1.1.0
[1m[92m  Downloaded[0m zerovec-derive v0.11.3
[1m[92m  Downloaded[0m libp2p-swarm-derive v0.35.0
[1m[92m  Downloaded[0m lru-cache v0.1.2
[1m[92m  Downloaded[0m rand_chacha v0.3.1
[1m[92m  Downloaded[0m sqlx-core v0.8.6
[1m[92m  Downloaded[0m tracing-attributes v0.1.31
[1m[92m  Downloaded[0m crc-catalog v2.5.0
[1m[92m  Downloaded[0m opaque-debug v0.3.1
[1m[92m  Downloaded[0m rustc_version v0.4.1
[1m[92m  Downloaded[0m rusticata-macros v4.1.0
[1m[92m  Downloaded[0m signature v2.2.0
[1m[92m  Downloaded[0m time-macros v0.2.31
[1m[92m  Downloaded[0m tracing-core v0.1.36
[1m[92m  Downloaded[0m unicode-ident v1.0.24
[1m[92m  Downloaded[0m yoke v0.8.3
[1m[92m  Downloaded[0m axum-core v0.5.6
[1m[92m  Downloaded[0m block-buffer v0.10.4
[1m[92m  Downloaded[0m data-encoding-macro v0.1.20
[1m[92m  Downloaded[0m deranged v0.5.8
[1m[92m  Downloaded[0m generic-array v0.14.7
[1m[92m  Downloaded[0m icu_locale_core v2.2.0
[1m[92m  Downloaded[0m icu_properties v2.2.0
[1m[92m  Downloaded[0m igd-next v0.14.3
[1m[92m  Downloaded[0m ipnet v2.12.0
[1m[92m  Downloaded[0m libp2p-core v0.42.0
[1m[92m  Downloaded[0m libp2p-identify v0.45.0
[1m[92m  Downloaded[0m libp2p-noise v0.45.0
[1m[92m  Downloaded[0m libp2p-relay v0.18.0
[1m[92m  Downloaded[0m libp2p-request-response v0.27.0
[1m[92m  Downloaded[0m libp2p-tls v0.5.0
[1m[92m  Downloaded[0m litemap v0.8.2
[1m[92m  Downloaded[0m lock_api v0.4.14
[1m[92m  Downloaded[0m matchers v0.2.0
[1m[92m  Downloaded[0m once_cell v1.21.4
[1m[92m  Downloaded[0m percent-encoding v2.3.2
[1m[92m  Downloaded[0m pin-project-lite v0.2.17
[1m[92m  Downloaded[0m pkg-config v0.3.33
[1m[92m  Downloaded[0m prost-derive v0.14.4
[1m[92m  Downloaded[0m quote v1.0.46
[1m[92m  Downloaded[0m rand_chacha v0.9.0
[1m[92m  Downloaded[0m rand_core v0.6.4
[1m[92m  Downloaded[0m rand_core v0.9.5
[1m[92m  Downloaded[0m rw-stream-sink v0.4.0
[1m[92m  Downloaded[0m shlex v2.0.1
[1m[92m  Downloaded[0m signal-hook-registry v1.4.8
[1m[92m  Downloaded[0m slab v0.4.12
[1m[92m  Downloaded[0m sqlx-sqlite v0.8.6
[1m[92m  Downloaded[0m tinyvec v1.11.0
[1m[92m  Downloaded[0m unicode-bidi v0.3.18
[1m[92m  Downloaded[0m xml-rs v0.8.28
[1m[92m  Downloaded[0m yasna v0.5.2
[1m[92m  Downloaded[0m zeroize v1.9.0
[1m[92m  Downloaded[0m arrayref v0.3.9
[1m[92m  Downloaded[0m asynchronous-codec v0.7.0
[1m[92m  Downloaded[0m atoi v2.0.0
[1m[92m  Downloaded[0m atomic-waker v1.1.2
[1m[92m  Downloaded[0m bs58 v0.5.1
[1m[92m  Downloaded[0m byteorder v1.5.0
[1m[92m  Downloaded[0m crc v3.4.0
[1m[92m  Downloaded[0m curve25519-dalek-derive v0.1.1
[1m[92m  Downloaded[0m data-encoding-macro-internal v0.1.18
[1m[92m  Downloaded[0m digest v0.10.7
[1m[92m  Downloaded[0m displaydoc v0.2.6
[1m[92m  Downloaded[0m fastrand v2.4.1
[1m[92m  Downloaded[0m fixedbitset v0.5.7
[1m[92m  Downloaded[0m getrandom v0.2.17
[1m[92m  Downloaded[0m getrandom v0.3.4
[1m[92m  Downloaded[0m icu_normalizer v2.2.0
[1m[92m  Downloaded[0m icu_provider v2.2.0
[1m[92m  Downloaded[0m libp2p v0.54.1
[1m[92m  Downloaded[0m libp2p-autonat v0.13.0
[1m[92m  Downloaded[0m matchit v0.8.4
[1m[92m  Downloaded[0m multibase v0.9.3
[1m[92m  Downloaded[0m multimap v0.10.1
[1m[92m  Downloaded[0m num-integer v0.1.46
[1m[92m  Downloaded[0m pem-rfc7468 v0.7.0
[1m[92m  Downloaded[0m pin-project-internal v1.1.13
[1m[92m  Downloaded[0m pkcs1 v0.7.5
[1m[92m  Downloaded[0m proc-macro2 v1.0.106
[1m[92m  Downloaded[0m quick-protobuf-codec v0.3.1
[1m[92m  Downloaded[0m rustls-pki-types v1.15.0
[1m[92m  Downloaded[0m smallvec v1.15.2
[1m[92m  Downloaded[0m sqlx v0.8.6
[1m[92m  Downloaded[0m tonic v0.14.6
[1m[92m  Downloaded[0m uuid v1.23.4
[1m[92m  Downloaded[0m x509-parser v0.16.0
[1m[92m  Downloaded[0m zerotrie v0.2.4
[1m[92m  Downloaded[0m anstyle-query v1.1.5
[1m[92m  Downloaded[0m autocfg v1.5.1
[1m[92m  Downloaded[0m chacha20 v0.9.1
[1m[92m  Downloaded[0m cipher v0.4.4
[1m[92m  Downloaded[0m clap_lex v1.1.0
[1m[92m  Downloaded[0m colorchoice v1.0.5
[1m[92m  Downloaded[0m data-encoding v2.11.0
[1m[92m  Downloaded[0m der-parser v9.0.0
[1m[92m  Downloaded[0m dotenvy v0.15.7
[1m[92m  Downloaded[0m either v1.16.0
[1m[92m  Downloaded[0m event-listener v5.4.1
[1m[92m  Downloaded[0m find-msvc-tools v0.1.9
[1m[92m  Downloaded[0m flume v0.11.1
[1m[92m  Downloaded[0m foldhash v0.1.5
[1m[92m  Downloaded[0m getrandom v0.4.3
[1m[92m  Downloaded[0m icu_collections v2.2.0
[1m[92m  Downloaded[0m icu_normalizer_data v2.2.0
[1m[92m  Downloaded[0m indexmap v2.14.0
[1m[92m  Downloaded[0m libp2p-swarm v0.45.1
[1m[92m  Downloaded[0m log v0.4.33
[1m[92m  Downloaded[0m multiaddr v0.18.2
[1m[92m  Downloaded[0m multihash v0.19.5
[1m[92m  Downloaded[0m multistream-select v0.13.0
[1m[92m  Downloaded[0m netlink-packet-core v0.8.1
[1m[92m  Downloaded[0m num-conv v0.2.2
[1m[92m  Downloaded[0m num-iter v0.1.45
[1m[92m  Downloaded[0m parking v2.2.1
[1m[92m  Downloaded[0m pem v3.0.6
[1m[92m  Downloaded[0m pin-project v1.1.13
[1m[92m  Downloaded[0m pkcs8 v0.10.2
[1m[92m  Downloaded[0m prost v0.14.4
[1m[92m  Downloaded[0m protoc-bin-vendored v3.2.0
[1m[92m  Downloaded[0m rand v0.9.4
[1m[92m  Downloaded[0m rcgen v0.11.3
[1m[92m  Downloaded[0m rustls-webpki v0.103.13
[1m[92m  Downloaded[0m ryu v1.0.23
[1m[92m  Downloaded[0m tower v0.5.3
[1m[92m  Downloaded[0m url v2.5.8
[1m[92m  Downloaded[0m x25519-dalek v2.0.1
[1m[92m  Downloaded[0m allocator-api2 v0.2.21
[1m[92m  Downloaded[0m anstream v1.0.0
[1m[92m  Downloaded[0m anstyle v1.0.14
[1m[92m  Downloaded[0m base64 v0.22.1
[1m[92m  Downloaded[0m bitflags v2.13.0
[1m[92m  Downloaded[0m blake2 v0.10.6
[1m[92m  Downloaded[0m bytes v1.12.0
[1m[92m  Downloaded[0m cc v1.2.65
[1m[92m  Downloaded[0m clap v4.6.1
[1m[92m  Downloaded[0m clap_derive v4.6.1
[1m[92m  Downloaded[0m crypto-common v0.1.7
[1m[92m  Downloaded[0m ctr v0.9.2
[1m[92m  Downloaded[0m dtoa v1.0.11
[1m[92m  Downloaded[0m futures-intrusive v0.5.0
[1m[92m  Downloaded[0m hashbrown v0.15.5
[1m[92m  Downloaded[0m hkdf v0.12.4
[1m[92m  Downloaded[0m hyper-util v0.1.20
[1m[92m  Downloaded[0m libp2p-gossipsub v0.47.0
[1m[92m  Downloaded[0m libp2p-kad v0.46.2
[1m[92m  Downloaded[0m memchr v2.8.2
[1m[92m  Downloaded[0m minimal-lexical v0.2.1
[1m[92m  Downloaded[0m poly1305 v0.8.0
[1m[92m  Downloaded[0m pulldown-cmark-to-cmark v22.0.0
[1m[92m  Downloaded[0m quinn-udp v0.5.14
[1m[92m  Downloaded[0m rustc-hash v2.1.3
[1m[92m  Downloaded[0m serde_spanned v0.6.9
[1m[92m  Downloaded[0m sqlx-postgres v0.8.6
[1m[92m  Downloaded[0m typenum v1.20.1
[1m[92m  Downloaded[0m unicode-normalization v0.1.25
[1m[92m  Downloaded[0m anstyle-parse v1.0.0
[1m[92m  Downloaded[0m arrayvec v0.7.8
[1m[92m  Downloaded[0m asn1-rs-derive v0.5.1
[1m[92m  Downloaded[0m base-x v0.2.11
[1m[92m  Downloaded[0m cpufeatures v0.2.17
[1m[92m  Downloaded[0m crunchy v0.2.4
[1m[92m  Downloaded[0m der v0.7.10
[1m[92m  Downloaded[0m equivalent v1.0.2
[1m[92m  Downloaded[0m errno v0.3.14
[1m[92m  Downloaded[0m hyper v0.14.32
[1m[92m  Downloaded[0m hyper v1.10.1
[1m[92m  Downloaded[0m icu_properties_data v2.2.0
[1m[92m  Downloaded[0m idna v1.1.0
[1m[92m  Downloaded[0m itertools v0.14.0
[1m[92m  Downloaded[0m libm v0.2.16
[1m[92m  Downloaded[0m mio v1.2.1
[1m[92m  Downloaded[0m prost-build v0.14.4
[1m[92m  Downloaded[0m prost-types v0.14.4
[1m[92m  Downloaded[0m rand v0.8.6
[1m[92m  Downloaded[0m resolv-conf v0.7.6
[1m[92m  Downloaded[0m rustls-webpki v0.101.7
[1m[92m  Downloaded[0m scopeguard v1.2.0
[1m[92m  Downloaded[0m semver v1.0.28
[1m[92m  Downloaded[0m sha2 v0.10.9
[1m[92m  Downloaded[0m tokio-util v0.7.18
[1m[92m  Downloaded[0m zerovec v0.11.6
[1m[92m  Downloaded[0m aes v0.8.4
[1m[92m  Downloaded[0m aes-gcm v0.10.3
[1m[92m  Downloaded[0m base256emoji v1.0.2
[1m[92m  Downloaded[0m chacha20poly1305 v0.10.1
[1m[92m  Downloaded[0m const-oid v0.9.6
[1m[92m  Downloaded[0m const-str v0.4.3
[1m[92m  Downloaded[0m ed25519 v2.2.3
[1m[92m  Downloaded[0m enum-as-inner v0.6.1
[1m[92m  Downloaded[0m h2 v0.3.27
[1m[92m  Downloaded[0m quick-protobuf v0.8.1
[1m[92m  Downloaded[0m quinn v0.11.11
[1m[92m  Downloaded[0m asn1-rs-impl v0.2.0
[1m[92m  Downloaded[0m async-trait v0.1.89
[1m[92m  Downloaded[0m base64ct v1.8.3
[1m[92m  Downloaded[0m crossbeam-queue v0.3.12
[1m[92m  Downloaded[0m crossbeam-utils v0.8.21
[1m[92m  Downloaded[0m h2 v0.4.15
[1m[92m  Downloaded[0m nohash-hasher v0.2.0
[1m[92m  Downloaded[0m parking_lot_core v0.9.12
[1m[92m  Downloaded[0m paste v1.0.15
[1m[92m  Downloaded[0m potential_utf v0.1.5
[1m[92m  Downloaded[0m powerfmt v0.2.0
[1m[92m  Downloaded[0m ppv-lite86 v0.2.21
[1m[92m  Downloaded[0m prometheus-client-derive-encode v0.4.2
[1m[92m  Downloaded[0m rtnetlink v0.20.0
[1m[92m  Downloaded[0m serde_core v1.0.228
[1m[92m  Downloaded[0m winnow v0.7.15
[1m[92m  Downloaded[0m aho-corasick v1.1.4
[1m[92m  Downloaded[0m anyhow v1.0.103
[1m[92m  Downloaded[0m concurrent-queue v2.5.0
[1m[92m  Downloaded[0m ed25519-dalek v2.2.0
[1m[92m  Downloaded[0m hickory-proto v0.24.4
[1m[92m  Downloaded[0m netlink-proto v0.12.0
[1m[92m  Downloaded[0m netlink-sys v0.8.8
[1m[92m  Downloaded[0m nu-ansi-term v0.50.3
[1m[92m  Downloaded[0m oid-registry v0.7.1
[1m[92m  Downloaded[0m parking_lot v0.12.5
[1m[92m  Downloaded[0m polyval v0.6.2
[1m[92m  Downloaded[0m sharded-slab v0.1.7
[1m[92m  Downloaded[0m tracing-subscriber v0.3.23
[1m[92m  Downloaded[0m asn1-rs v0.6.2
[1m[92m  Downloaded[0m num-traits v0.2.19
[1m[92m  Downloaded[0m prettyplease v0.2.37
[1m[92m  Downloaded[0m pulldown-cmark v0.13.4
[1m[92m  Downloaded[0m rsa v0.9.10
[1m[92m  Downloaded[0m syn v2.0.118
[1m[92m  Downloaded[0m attohttpc v0.24.1
[1m[92m  Downloaded[0m clap_builder v4.6.0
[1m[92m  Downloaded[0m prometheus-client v0.22.3
[1m[92m  Downloaded[0m serde v1.0.228
[1m[92m  Downloaded[0m serde_derive v1.0.228
[1m[92m  Downloaded[0m vcpkg v0.2.15
[1m[92m  Downloaded[0m regex v1.12.4
[1m[92m  Downloaded[0m serde_json v1.0.150
[1m[92m  Downloaded[0m zerocopy v0.8.52
[1m[92m  Downloaded[0m nom v7.1.3
[1m[92m  Downloaded[0m num-bigint v0.4.7
[1m[92m  Downloaded[0m num-bigint-dig v0.8.6
[1m[92m  Downloaded[0m quinn-proto v0.11.15
[1m[92m  Downloaded[0m time v0.3.53
[1m[92m  Downloaded[0m axum v0.8.9
[1m[92m  Downloaded[0m curve25519-dalek v4.1.3
[1m[92m  Downloaded[0m libc v0.2.186
[1m[92m  Downloaded[0m netlink-packet-route v0.28.0
[1m[92m  Downloaded[0m rustls v0.23.41
[1m[92m  Downloaded[0m rustix v1.1.4
[1m[92m  Downloaded[0m tracing v0.1.44
[1m[92m  Downloaded[0m snow v0.9.6
[1m[92m  Downloaded[0m nix v0.30.1
[1m[92m  Downloaded[0m regex-syntax v0.8.11
[1m[92m  Downloaded[0m tokio v1.52.3
[1m[92m  Downloaded[0m regex-automata v0.4.14
[1m[92m  Downloaded[0m petgraph v0.8.3
[1m[92m  Downloaded[0m ring v0.17.14
[1m[92m  Downloaded[0m protoc-bin-vendored-macos-aarch_64 v3.2.0
[1m[92m  Downloaded[0m protoc-bin-vendored-macos-x86_64 v3.2.0
[1m[92m  Downloaded[0m linux-raw-sys v0.12.1
[1m[92m  Downloaded[0m protoc-bin-vendored-linux-x86_64 v3.2.0
[1m[92m  Downloaded[0m protoc-bin-vendored-linux-ppcle_64 v3.2.0
[1m[92m  Downloaded[0m protoc-bin-vendored-linux-s390_64 v3.2.0
[1m[92m  Downloaded[0m protoc-bin-vendored-linux-aarch_64 v3.2.0
[1m[92m  Downloaded[0m protoc-bin-vendored-win32 v3.2.0
[1m[92m  Downloaded[0m protoc-bin-vendored-linux-x86_32 v3.2.0
[1m[92m  Downloaded[0m ring v0.16.20
[1m[92m  Downloaded[0m libsqlite3-sys v0.30.1
[1m[92m   Compiling[0m proc-macro2 v1.0.106
[1m[92m   Compiling[0m quote v1.0.46
[1m[92m   Compiling[0m unicode-ident v1.0.24
[1m[92m   Compiling[0m libc v0.2.186
[1m[92m    Checking[0m cfg-if v1.0.4
[1m[92m   Compiling[0m serde v1.0.228
[1m[92m    Checking[0m memchr v2.8.2
[1m[92m    Checking[0m pin-project-lite v0.2.17
[1m[92m   Compiling[0m version_check v0.9.5
[1m[92m   Compiling[0m generic-array v0.14.7
[1m[92m   Compiling[0m serde_core v1.0.228
[1m[92m   Compiling[0m syn v2.0.118
[1m[92m    Checking[0m futures-core v0.3.32
[1m[92m    Checking[0m bytes v1.12.0
[1m[92m    Checking[0m futures-sink v0.3.32
[1m[92m   Compiling[0m thiserror v2.0.18
[1m[92m    Checking[0m slab v0.4.12
[1m[92m    Checking[0m subtle v2.6.1
[1m[92m    Checking[0m once_cell v1.21.4
[1m[92m    Checking[0m log v0.4.33
[1m[92m    Checking[0m typenum v1.20.1
[1m[92m    Checking[0m futures-io v0.3.32
[1m[92m    Checking[0m futures-channel v0.3.32
[1m[92m    Checking[0m futures-task v0.3.32
[1m[92m    Checking[0m smallvec v1.15.2
[1m[92m    Checking[0m tracing-core v0.1.36
[1m[92m    Checking[0m cpufeatures v0.2.17
[1m[92m   Compiling[0m icu_properties_data v2.2.0
[1m[92m   Compiling[0m icu_normalizer_data v2.2.0
[1m[92m    Checking[0m crypto-common v0.1.7
[1m[92m    Checking[0m block-buffer v0.10.4
[1m[92m    Checking[0m digest v0.10.7
[1m[92m    Checking[0m socket2 v0.6.4
[1m[92m    Checking[0m sha2 v0.10.9
[1m[92m    Checking[0m errno v0.3.14
[1m[92m    Checking[0m signal-hook-registry v1.4.8
[1m[92m    Checking[0m mio v1.2.1
[1m[92m    Checking[0m stable_deref_trait v1.2.1
[1m[92m   Compiling[0m parking_lot_core v0.9.12
[1m[92m    Checking[0m percent-encoding v2.3.2
[1m[92m    Checking[0m writeable v0.6.3
[1m[92m    Checking[0m litemap v0.8.2
[1m[92m    Checking[0m scopeguard v1.2.0
[1m[92m    Checking[0m equivalent v1.0.2
[1m[92m   Compiling[0m shlex v2.0.1
[1m[92m    Checking[0m utf8_iter v1.0.4
[1m[92m   Compiling[0m find-msvc-tools v0.1.9
[1m[92m    Checking[0m lock_api v0.4.14
[1m[92m   Compiling[0m cc v1.2.65
[1m[92m   Compiling[0m synstructure v0.13.2
[1m[92m   Compiling[0m heck v0.5.0
[1m[92m    Checking[0m parking_lot v0.12.5
[1m[92m    Checking[0m form_urlencoded v1.2.2
[1m[92m    Checking[0m itoa v1.0.18
[1m[92m    Checking[0m getrandom v0.2.17
[1m[92m   Compiling[0m anyhow v1.0.103
[1m[92m   Compiling[0m zerocopy v0.8.52
[1m[92m   Compiling[0m autocfg v1.5.1
[1m[92m    Checking[0m foldhash v0.1.5
[1m[92m   Compiling[0m zmij v1.0.21
[1m[92m    Checking[0m fnv v1.0.7
[1m[92m   Compiling[0m serde_derive v1.0.228
[1m[92m   Compiling[0m zerofrom-derive v0.1.7
[1m[92m   Compiling[0m yoke-derive v0.8.2
[1m[92m   Compiling[0m displaydoc v0.2.6
[1m[92m   Compiling[0m zerovec-derive v0.11.3
[1m[92m   Compiling[0m thiserror-impl v2.0.18
[1m[92m   Compiling[0m futures-macro v0.3.32
[1m[92m   Compiling[0m tracing-attributes v0.1.31
[1m[92m    Checking[0m zerofrom v0.1.8
[1m[92m    Checking[0m futures-util v0.3.32
[1m[92m   Compiling[0m tokio-macros v2.7.0
[1m[92m   Compiling[0m either v1.16.0
[1m[92m    Checking[0m yoke v0.8.3
[1m[92m    Checking[0m zerovec v0.11.6
[1m[92m    Checking[0m tokio v1.52.3
[1m[92m    Checking[0m tracing v0.1.44
[1m[92m    Checking[0m zerotrie v0.2.4
[1m[92m   Compiling[0m itertools v0.14.0
[1m[92m    Checking[0m tinystr v0.8.3
[1m[92m    Checking[0m icu_locale_core v2.2.0
[1m[92m    Checking[0m potential_utf v0.1.5
[1m[92m    Checking[0m icu_collections v2.2.0
[1m[92m    Checking[0m futures-executor v0.3.32
[1m[92m    Checking[0m icu_provider v2.2.0
[1m[92m    Checking[0m icu_properties v2.2.0
[1m[92m    Checking[0m icu_normalizer v2.2.0
[1m[92m   Compiling[0m prost-derive v0.14.4
[1m[92m    Checking[0m ppv-lite86 v0.2.21
[1m[92m   Compiling[0m zeroize_derive v1.5.0
[1m[92m    Checking[0m idna_adapter v1.2.2
[1m[92m    Checking[0m idna v1.1.0
[1m[92m   Compiling[0m pin-project-internal v1.1.13
[1m[92m    Checking[0m url v2.5.8
[1m[92m    Checking[0m allocator-api2 v0.2.21
[1m[92m    Checking[0m zeroize v1.9.0
[1m[92m    Checking[0m rand_core v0.6.4
[1m[92m    Checking[0m hashbrown v0.15.5
[1m[92m   Compiling[0m thiserror v1.0.69
[1m[92m   Compiling[0m semver v1.0.28
[1m[92m    Checking[0m pin-project v1.1.13
[1m[92m    Checking[0m hashbrown v0.17.1
[1m[92m   Compiling[0m rustc_version v0.4.1
[1m[92m   Compiling[0m thiserror-impl v1.0.69
[1m[92m    Checking[0m indexmap v2.14.0
[1m[92m   Compiling[0m serde_json v1.0.150
[1m[92m   Compiling[0m num-traits v0.2.19
[1m[92m    Checking[0m rand_chacha v0.3.1
[1m[92m    Checking[0m prost v0.14.4
[1m[92m    Checking[0m futures v0.3.32
[1m[92m    Checking[0m keryx-core v0.1.0 (/home/runner/work/hermes-keryx/hermes-keryx/crates/keryx-core)
[1m[92m    Checking[0m base64 v0.22.1
[1m[92m    Checking[0m rand v0.8.6
[1m[92m   Compiling[0m getrandom v0.4.3
[1m[92m   Compiling[0m curve25519-dalek v4.1.3
[1m[92m   Compiling[0m rustix v1.1.4
[1m[92m    Checking[0m data-encoding v2.11.0
[1m[92m   Compiling[0m curve25519-dalek-derive v0.1.1
[1m[92m    Checking[0m signature v2.2.0
[1m[92m    Checking[0m unsigned-varint v0.8.0
[1m[92m    Checking[0m static_assertions v1.1.0
[1m[92m    Checking[0m ed25519 v2.2.3
[1m[92m   Compiling[0m match-lookup v0.1.2
[1m[92m    Checking[0m hmac v0.12.1
[1m[92m    Checking[0m const-str v0.4.3
[1m[92m   Compiling[0m data-encoding-macro-internal v0.1.18
[1m[92m    Checking[0m byteorder v1.5.0
[1m[92m    Checking[0m data-encoding-macro v0.1.20
[1m[92m    Checking[0m base256emoji v1.0.2
[1m[92m    Checking[0m hkdf v0.12.4
[1m[92m    Checking[0m ed25519-dalek v2.2.0
[1m[92m    Checking[0m multihash v0.19.5
[1m[92m    Checking[0m tokio-stream v0.1.18
[1m[92m    Checking[0m futures-timer v3.0.4
[1m[92m    Checking[0m base45 v3.2.0
[1m[92m    Checking[0m bitflags v2.13.0
[1m[92m    Checking[0m base-x v0.2.11
[1m[92m    Checking[0m bs58 v0.5.1
[1m[92m    Checking[0m multibase v0.9.3
[1m[92m    Checking[0m quick-protobuf v0.8.1
[1m[92m    Checking[0m libp2p-identity v0.2.14
[1m[92m    Checking[0m arrayref v0.3.9
[1m[92m    Checking[0m unsigned-varint v0.7.2
[1m[92m    Checking[0m web-time v1.1.0
[1m[92m    Checking[0m rw-stream-sink v0.4.0
[1m[92m    Checking[0m void v1.0.2
[1m[92m    Checking[0m multistream-select v0.13.0
[1m[92m    Checking[0m multiaddr v0.18.2
[1m[92m   Compiling[0m ring v0.17.14
[1m[92m    Checking[0m http v1.4.2
[1m[92m   Compiling[0m cfg_aliases v0.2.1
[1m[92m   Compiling[0m crossbeam-utils v0.8.21
[1m[92m    Checking[0m libp2p-core v0.42.0
[1m[92m   Compiling[0m async-trait v0.1.89
[1m[92m    Checking[0m http-body v1.0.1
[1m[92m    Checking[0m tokio-util v0.7.18
[1m[92m   Compiling[0m pulldown-cmark v0.13.4
[1m[92m   Compiling[0m httparse v1.10.1
[1m[92m    Checking[0m untrusted v0.9.0
[1m[92m   Compiling[0m prettyplease v0.2.37
[1m[92m    Checking[0m tower-service v0.3.3
[1m[92m    Checking[0m lru v0.12.5
[1m[92m   Compiling[0m libp2p-swarm-derive v0.35.0
[1m[92m   Compiling[0m linux-raw-sys v0.12.1
[1m[92m    Checking[0m try-lock v0.2.5
[1m[92m   Compiling[0m regex-syntax v0.8.11
[1m[92m   Compiling[0m num-conv v0.2.2
[1m[92m   Compiling[0m paste v1.0.15
[1m[92m    Checking[0m atomic-waker v1.1.2
[1m[92m   Compiling[0m time-core v0.1.9
[1m[92m   Compiling[0m unicase v2.9.0
[1m[92m   Compiling[0m getrandom v0.3.4
[1m[92m   Compiling[0m time-macros v0.2.31
[1m[92m   Compiling[0m regex-automata v0.4.14
[1m[92m    Checking[0m h2 v0.4.15
[1m[92m    Checking[0m libp2p-swarm v0.45.1
[1m[92m    Checking[0m want v0.3.1
[1m[92m    Checking[0m deranged v0.5.8
[1m[92m    Checking[0m httpdate v1.0.3
[1m[92m    Checking[0m sync_wrapper v1.0.2
[1m[92m   Compiling[0m fixedbitset v0.5.7
[1m[92m   Compiling[0m fastrand v2.4.1
[1m[92m    Checking[0m powerfmt v0.2.0
[1m[92m    Checking[0m tower-layer v0.3.3
[1m[92m   Compiling[0m petgraph v0.8.3
[1m[92m    Checking[0m time v0.3.53
[1m[92m   Compiling[0m tempfile v3.27.0
[1m[92m    Checking[0m hyper v1.10.1
[1m[92m   Compiling[0m prost-types v0.14.4
[1m[92m   Compiling[0m regex v1.12.4
[1m[92m   Compiling[0m pulldown-cmark-to-cmark v22.0.0
[1m[92m    Checking[0m http-body-util v0.1.3
[1m[92m    Checking[0m aho-corasick v1.1.4
[1m[92m    Checking[0m tinyvec_macros v0.1.1
[1m[92m    Checking[0m minimal-lexical v0.2.1
[1m[92m    Checking[0m lazy_static v1.5.0
[1m[92m   Compiling[0m multimap v0.10.1
[1m[92m    Checking[0m mime v0.3.17
[1m[92m    Checking[0m axum-core v0.5.6
[1m[92m   Compiling[0m prost-build v0.14.4
[1m[92m    Checking[0m nom v7.1.3
[1m[92m    Checking[0m tinyvec v1.11.0
[1m[92m    Checking[0m rand_core v0.9.5
[1m[92m    Checking[0m netlink-packet-core v0.8.1
[1m[92m    Checking[0m hyper-util v0.1.20
[1m[92m    Checking[0m tower v0.5.3
[1m[92m   Compiling[0m tonic-build v0.14.6
[1m[92m   Compiling[0m nix v0.30.1
[1m[92m    Checking[0m rustls-pki-types v1.15.0
[1m[92m   Compiling[0m protoc-bin-vendored-linux-ppcle_64 v3.2.0
[1m[92m   Compiling[0m vcpkg v0.2.15
[1m[92m   Compiling[0m rustls v0.23.41
[1m[92m   Compiling[0m protoc-bin-vendored-linux-s390_64 v3.2.0
[1m[92m    Checking[0m matchit v0.8.4
[1m[92m   Compiling[0m protoc-bin-vendored-linux-x86_32 v3.2.0
[1m[92m   Compiling[0m protoc-bin-vendored-macos-x86_64 v3.2.0
[1m[92m   Compiling[0m pkg-config v0.3.33
[1m[92m   Compiling[0m protoc-bin-vendored-linux-x86_64 v3.2.0
[1m[92m   Compiling[0m protoc-bin-vendored-macos-aarch_64 v3.2.0
[1m[92m    Checking[0m ipnet v2.12.0
[1m[92m   Compiling[0m protoc-bin-vendored-linux-aarch_64 v3.2.0
[1m[92m   Compiling[0m protoc-bin-vendored-win32 v3.2.0
[1m[92m   Compiling[0m protoc-bin-vendored v3.2.0
[1m[92m    Checking[0m axum v0.8.9
[1m[92m    Checking[0m hyper-timeout v0.5.2
[1m[92m   Compiling[0m libsqlite3-sys v0.30.1
[1m[92m    Checking[0m rustls-webpki v0.103.13
[1m[92m   Compiling[0m tonic-prost-build v0.14.6
[1m[92m    Checking[0m rusticata-macros v4.1.0
[1m[92m    Checking[0m rand_chacha v0.9.0
[1m[92m    Checking[0m netlink-sys v0.8.8
[1m[92m    Checking[0m asynchronous-codec v0.7.0
[1m[92m   Compiling[0m asn1-rs-derive v0.5.1
[1m[92m   Compiling[0m asn1-rs-impl v0.2.0
[1m[92m    Checking[0m socket2 v0.5.10
[1m[92m    Checking[0m asn1-rs v0.6.2
[1m[92m    Checking[0m netlink-proto v0.12.0
[1m[92m   Compiling[0m keryx-proto v0.1.0 (/home/runner/work/hermes-keryx/hermes-keryx/crates/keryx-proto)
[1m[92m    Checking[0m rand v0.9.4
[1m[92m    Checking[0m tonic v0.14.6
[1m[92m    Checking[0m netlink-packet-route v0.28.0
[1m[92m    Checking[0m num-integer v0.1.46
[1m[92m   Compiling[0m ring v0.16.20
[1m[92m   Compiling[0m oid-registry v0.7.1
[1m[92m    Checking[0m rtnetlink v0.20.0
[1m[92m    Checking[0m num-bigint v0.4.7
[1m[92m    Checking[0m tonic-prost v0.14.6
[1m[92m   Compiling[0m concurrent-queue v2.5.0
[1m[92m    Checking[0m quick-protobuf-codec v0.3.1
[1m[92m   Compiling[0m quinn-udp v0.5.14
[1m[92m    Checking[0m futures-bounded v0.2.4
[1m[92m    Checking[0m keryx-observe v0.1.0 (/home/runner/work/hermes-keryx/hermes-keryx/crates/keryx-observe)
[1m[92m   Compiling[0m enum-as-inner v0.6.1
[1m[92m   Compiling[0m crc-catalog v2.5.0
[1m[92m    Checking[0m untrusted v0.7.1
[1m[92m   Compiling[0m parking v2.2.1
[1m[92m    Checking[0m spin v0.5.2
[1m[92m   Compiling[0m event-listener v5.4.1
[1m[92m    Checking[0m hickory-proto v0.24.4
[1m[92m   Compiling[0m crc v3.4.0
[1m[92m    Checking[0m der-parser v9.0.0
[1m[92m   Compiling[0m futures-intrusive v0.5.0
[1m[92m    Checking[0m if-watch v3.2.2
[1m[92m   Compiling[0m crossbeam-queue v0.3.12
[1m[92m    Checking[0m matchers v0.2.0
[1m[92m   Compiling[0m spin v0.9.8
[1m[92m    Checking[0m sharded-slab v0.1.7
[1m[92m    Checking[0m yasna v0.5.2
[1m[92m   Compiling[0m quinn v0.11.11
[1m[92m   Compiling[0m hashlink v0.10.0
[1m[92m    Checking[0m pem v3.0.6
[1m[92m   Compiling[0m snow v0.9.6
[1m[92m    Checking[0m tracing-serde v0.2.0
[1m[92m    Checking[0m tracing-log v0.2.0
[1m[92m    Checking[0m thread_local v1.1.9
[1m[92m    Checking[0m nu-ansi-term v0.50.3
[1m[92m    Checking[0m rustc-hash v2.1.3
[1m[92m   Compiling[0m prometheus-client v0.22.3
[1m[92m    Checking[0m nohash-hasher v0.2.0
[1m[92m    Checking[0m linked-hash-map v0.5.6
[1m[92m   Compiling[0m ryu v1.0.23
[1m[92m    Checking[0m lru-slab v0.1.2
[1m[92m    Checking[0m quinn-proto v0.11.15
[1m[92m   Compiling[0m serde_urlencoded v0.7.1
[1m[92m   Compiling[0m sqlx-core v0.8.6
[1m[92m    Checking[0m lru-cache v0.1.2
[1m[92m    Checking[0m tracing-subscriber v0.3.23
[1m[92m    Checking[0m rcgen v0.11.3
[1m[92m   Compiling[0m atoi v2.0.0
[1m[92m   Compiling[0m flume v0.11.1
[1m[92m    Checking[0m x509-parser v0.16.0
[1m[92m    Checking[0m futures-rustls v0.26.0
[1m[92m    Checking[0m rustls-webpki v0.101.7
[1m[92m   Compiling[0m prometheus-client-derive-encode v0.4.2
[1m[92m    Checking[0m resolv-conf v0.7.6
[1m[92m    Checking[0m dtoa v1.0.11
[1m[92m    Checking[0m hickory-resolver v0.24.4
[1m[92m    Checking[0m libp2p-tls v0.5.0
[1m[92m   Compiling[0m sqlx-sqlite v0.8.6
[1m[92m    Checking[0m yamux v0.12.1
[1m[92m    Checking[0m yamux v0.13.10
[1m[92m    Checking[0m libp2p-request-response v0.27.0
[1m[92m    Checking[0m futures-ticker v0.0.3
[1m[92m    Checking[0m x25519-dalek v2.0.1
[1m[92m    Checking[0m toml_datetime v0.6.11
[1m[92m    Checking[0m serde_spanned v0.6.9
[1m[92m    Checking[0m toml_write v0.1.2
[1m[92m   Compiling[0m dotenvy v0.15.7
[1m[92m    Checking[0m winnow v0.7.15
[1m[92m    Checking[0m hex_fmt v0.3.0
[1m[92m   Compiling[0m hex v0.4.3
[1m[92m    Checking[0m libp2p-gossipsub v0.47.0
[1m[92m    Checking[0m toml_edit v0.22.27
[1m[92m   Compiling[0m sqlx-macros-core v0.8.6
[1m[92m    Checking[0m libp2p-noise v0.45.0
[1m[92m    Checking[0m libp2p-autonat v0.13.0
[1m[92m    Checking[0m libp2p-yamux v0.46.0
[1m[92m    Checking[0m libp2p-dns v0.42.0
[1m[92m    Checking[0m libp2p-quic v0.11.1
[1m[92m    Checking[0m libp2p-tcp v0.42.0
[1m[92m    Checking[0m libp2p-mdns v0.46.0
[1m[92m    Checking[0m libp2p-relay v0.18.0
[1m[92m    Checking[0m libp2p-identify v0.45.0
[1m[92m    Checking[0m libp2p-connection-limits v0.4.0
[1m[92m    Checking[0m libp2p-allow-block-list v0.4.0
[1m[92m    Checking[0m libp2p-ping v0.45.0
[1m[92m   Compiling[0m sqlx-macros v0.8.6
[1m[92m    Checking[0m toml v0.8.23
[1m[92m    Checking[0m libp2p v0.54.1
[1m[92m    Checking[0m uuid v1.23.4
[1m[92m    Checking[0m keryx-relay v0.1.0 (/home/runner/work/hermes-keryx/hermes-keryx/crates/keryx-relay)
[1m[92m    Checking[0m utf8parse v0.2.2
[1m[92m    Checking[0m anstyle-parse v1.0.0
[1m[92m    Checking[0m is_terminal_polyfill v1.70.2
[1m[92m    Checking[0m anstyle v1.0.14
[1m[92m    Checking[0m colorchoice v1.0.5
[1m[92m    Checking[0m anstyle-query v1.1.5
[1m[92m    Checking[0m strsim v0.11.1
[1m[92m    Checking[0m anstream v1.0.0
[1m[92m    Checking[0m clap_lex v1.1.0
[1m[92m   Compiling[0m clap_derive v4.6.1
[1m[92m    Checking[0m clap_builder v4.6.0
[1m[92m    Checking[0m sqlx v0.8.6
[1m[92m    Checking[0m keryx-store v0.1.0 (/home/runner/work/hermes-keryx/hermes-keryx/crates/keryx-store)
[1m[92m    Checking[0m keryx-daemon v0.1.0 (/home/runner/work/hermes-keryx/hermes-keryx/crates/keryx-daemon)
[1m[92m    Checking[0m clap v4.6.1
[1m[92m    Checking[0m keryx-cli v0.1.0 (/home/runner/work/hermes-keryx/hermes-keryx/crates/keryx-cli)
[1m[92m    Checking[0m keryx-policy v0.1.0 (/home/runner/work/hermes-keryx/hermes-keryx/crates/keryx-policy)
[1m[92m    Checking[0m keryx-testkit v0.1.0 (/home/runner/work/hermes-keryx/hermes-keryx/crates/keryx-testkit)
[1m[92m    Finished[0m `dev` profile [unoptimized + debuginfo] target(s) in 1m 03s
